PRT1
26
61
78
4 0 13 0 (0 0 0 ) (0 0 256 ) (0 400 256 ) (0 400 0 ) 
4 0 7 0 (0 0 256 ) (0 0 0 ) (464 0 0 ) (464 0 256 ) 
4 0 3 0 (32 0 0 ) (0 0 0 ) (0 32 0 ) (32 32 0 ) 
4 0 2 0 (0 32 0 ) (0 400 0 ) (32 400 0 ) (32 32 0 ) 
4 0 1 0 (464 0 0 ) (32 0 0 ) (32 400 0 ) (464 400 0 ) 
4 1 8 0 (32 0 -80 ) (464 0 -80 ) (464 0 0 ) (32 0 0 ) 
4 1 5 0 (32 400 -80 ) (112 400 -80 ) (112 96 -80 ) (32 96 -80 ) 
4 1 4 0 (112 400 -80 ) (464 400 -80 ) (464 0 -80 ) (112 0 -80 ) 
4 1 3 0 (32 0 -32 ) (32 0 0 ) (32 32 0 ) (32 32 -64 ) 
4 1 2 0 (32 400 0 ) (32 400 -80 ) (32 32 -80 ) (32 32 0 ) 
4 2 14 0 (0 32 0 ) (0 400 0 ) (0 400 -80 ) (0 32 -80 ) 
4 2 5 0 (0 400 -80 ) (32 400 -80 ) (32 96 -80 ) (0 96 -80 ) 
4 2 3 0 (32 32 -64 ) (32 32 0 ) (0 32 0 ) (0 32 -64 ) 
4 3 15 0 (0 0 -32 ) (0 0 0 ) (0 32 0 ) (0 32 -64 ) 
4 3 9 0 (0 0 0 ) (0 0 -32 ) (32 0 -32 ) (32 0 0 ) 
4 4 10 0 (112 0 -128 ) (464 0 -128 ) (464 0 -80 ) (112 0 -80 ) 
4 4 5 0 (112 96 -80 ) (112 400 -80 ) (112 400 -96 ) (112 96 -96 ) 
4 4 6 0 (112 400 -96 ) (112 400 -128 ) (112 0 -128 ) (112 0 -96 ) 
4 5 17 0 (0 96 -80 ) (0 400 -80 ) (0 400 -96 ) (0 96 -96 ) 
4 5 6 0 (0 400 -96 ) (112 400 -96 ) (112 96 -96 ) (0 96 -96 ) 
4 6 18 0 (0 0 -128 ) (0 0 -96 ) (0 400 -96 ) (0 400 -128 ) 
4 6 12 0 (0 0 -96 ) (0 0 -128 ) (112 0 -128 ) (112 0 -96 ) 
4 7 20 0 (0 -400 256 ) (0 0 256 ) (0 0 0 ) (0 -400 0 ) 
4 7 9 0 (0 -400 0 ) (0 0 0 ) (32 0 0 ) (32 -400 0 ) 
4 7 8 0 (32 0 0 ) (464 0 0 ) (464 -400 0 ) (32 -400 0 ) 
4 8 11 0 (112 -96 -80 ) (112 -400 -80 ) (32 -400 -80 ) (32 -96 -80 ) 
4 8 10 0 (112 0 -80 ) (464 0 -80 ) (464 -400 -80 ) (112 -400 -80 ) 
5 8 9 0 (32 -16 -80 ) (32 -400 -80 ) (32 -400 0 ) (32 0 0 ) (32 0 -32 ) 
5 9 21 0 (0 -400 -80 ) (0 -400 0 ) (0 0 0 ) (0 0 -32 ) (0 -16 -80 ) 
4 9 11 0 (32 -96 -80 ) (32 -400 -80 ) (0 -400 -80 ) (0 -96 -80 ) 
4 10 11 0 (112 -400 -96 ) (112 -400 -80 ) (112 -96 -80 ) (112 -96 -96 ) 
4 10 12 0 (112 0 -128 ) (112 -400 -128 ) (112 -400 -96 ) (112 0 -96 ) 
4 11 23 0 (0 -400 -96 ) (0 -400 -80 ) (0 -96 -80 ) (0 -96 -96 ) 
4 11 12 0 (112 -96 -96 ) (112 -400 -96 ) (0 -400 -96 ) (0 -96 -96 ) 
4 12 24 0 (0 -400 -128 ) (0 -400 -96 ) (0 0 -96 ) (0 0 -128 ) 
4 13 20 0 (-432 0 0 ) (0 0 0 ) (0 0 256 ) (-432 0 256 ) 
4 13 15 0 (0 0 0 ) (-16 0 0 ) (-16 32 0 ) (0 32 0 ) 
4 13 14 0 (-16 32 0 ) (-16 400 0 ) (0 400 0 ) (0 32 0 ) 
4 13 16 0 (-16 0 0 ) (-432 0 0 ) (-432 400 0 ) (-16 400 0 ) 
4 14 17 0 (-16 96 -80 ) (-16 400 -80 ) (0 400 -80 ) (0 96 -80 ) 
4 14 15 0 (-16 32 0 ) (-16 32 -64 ) (0 32 -64 ) (0 32 0 ) 
4 14 16 0 (-16 400 0 ) (-16 400 -80 ) (-16 32 -80 ) (-16 32 0 ) 
4 15 21 0 (0 0 -32 ) (0 0 0 ) (-16 0 0 ) (-16 0 -32 ) 
4 15 16 0 (-16 0 -32 ) (-16 0 0 ) (-16 32 0 ) (-16 32 -64 ) 
4 16 22 0 (-16 0 0 ) (-432 0 0 ) (-432 0 -80 ) (-16 0 -80 ) 
4 16 17 0 (-96 96 -80 ) (-96 400 -80 ) (-16 400 -80 ) (-16 96 -80 ) 
4 16 19 0 (-96 0 -80 ) (-432 0 -80 ) (-432 400 -80 ) (-96 400 -80 ) 
4 17 18 0 (-96 96 -96 ) (-96 400 -96 ) (0 400 -96 ) (0 96 -96 ) 
4 17 19 0 (-96 96 -80 ) (-96 400 -80 ) (-96 400 -96 ) (-96 96 -96 ) 
4 18 24 0 (0 0 -128 ) (0 0 -96 ) (-96 0 -96 ) (-96 0 -128 ) 
4 18 19 0 (-96 400 -128 ) (-96 0 -128 ) (-96 0 -96 ) (-96 400 -96 ) 
4 19 25 0 (-96 0 -80 ) (-432 0 -80 ) (-432 0 -128 ) (-96 0 -128 ) 
4 20 21 0 (-16 0 0 ) (0 0 0 ) (0 -400 0 ) (-16 -400 0 ) 
4 20 22 0 (-432 0 0 ) (-16 0 0 ) (-16 -400 0 ) (-432 -400 0 ) 
4 21 23 0 (0 -400 -80 ) (-16 -400 -80 ) (-16 -96 -80 ) (0 -96 -80 ) 
5 21 22 0 (-16 -16 -80 ) (-16 -400 -80 ) (-16 -400 0 ) (-16 0 0 ) (-16 0 -32 ) 
4 22 23 0 (-16 -400 -80 ) (-96 -400 -80 ) (-96 -96 -80 ) (-16 -96 -80 ) 
4 22 25 0 (-96 -400 -80 ) (-432 -400 -80 ) (-432 0 -80 ) (-96 0 -80 ) 
4 23 24 0 (0 -400 -96 ) (-96 -400 -96 ) (-96 -96 -96 ) (0 -96 -96 ) 
4 23 25 0 (-96 -400 -96 ) (-96 -400 -80 ) (-96 -96 -80 ) (-96 -96 -96 ) 
4 24 25 0 (-96 0 -128 ) (-96 -400 -128 ) (-96 -400 -96 ) (-96 0 -96 ) 
4 0 (0 400 256 ) (464 400 256 ) (464 400 0 ) (0 400 0 ) 
4 0 (464 400 256 ) (0 400 256 ) (0 0 256 ) (464 0 256 ) 
4 0 (464 0 256 ) (464 0 0 ) (464 400 0 ) (464 400 256 ) 
4 1 (112 96 -80 ) (112 0 -80 ) (32 0 -80 ) (32 96 -80 ) 
4 1 (32 32 -80 ) (32 0 -80 ) (32 0 -32 ) (32 32 -64 ) 
4 1 (32 400 -80 ) (32 400 0 ) (464 400 0 ) (464 400 -80 ) 
4 1 (464 0 0 ) (464 0 -80 ) (464 400 -80 ) (464 400 0 ) 
4 2 (32 96 -80 ) (32 32 -80 ) (0 32 -80 ) (0 96 -80 ) 
4 2 (0 32 -80 ) (32 32 -80 ) (32 32 -64 ) (0 32 -64 ) 
4 2 (32 400 -80 ) (0 400 -80 ) (0 400 0 ) (32 400 0 ) 
4 3 (0 32 -63.997639 ) (32 32 -63.997639 ) (32 0 -31.997637 ) (0 0 -31.997637 ) 
4 4 (112 0 -80 ) (112 96 -80 ) (112 96 -96 ) (112 0 -96 ) 
4 4 (112 400 -80 ) (464 400 -80 ) (464 400 -128 ) (112 400 -128 ) 
4 4 (464 0 -128 ) (112 0 -128 ) (112 400 -128 ) (464 400 -128 ) 
4 4 (464 0 -80 ) (464 0 -128 ) (464 400 -128 ) (464 400 -80 ) 
4 5 (0 400 -96 ) (0 400 -80 ) (112 400 -80 ) (112 400 -96 ) 
4 5 (0 96 -96 ) (112 96 -96 ) (112 96 -80 ) (0 96 -80 ) 
4 6 (0 96 -96 ) (0 0 -96 ) (112 0 -96 ) (112 96 -96 ) 
4 6 (112 0 -128 ) (0 0 -128 ) (0 400 -128 ) (112 400 -128 ) 
4 6 (0 400 -96 ) (112 400 -96 ) (112 400 -128 ) (0 400 -128 ) 
4 7 (464 0 256 ) (464 -400 256 ) (464 -400 0 ) (464 0 0 ) 
4 7 (464 -400 256 ) (464 0 256 ) (0 0 256 ) (0 -400 256 ) 
4 7 (0 -400 0 ) (464 -400 0 ) (464 -400 256 ) (0 -400 256 ) 
4 8 (32 0 -80 ) (112 0 -80 ) (112 -96 -80 ) (32 -96 -80 ) 
3 8 (32 0 -80 ) (32 -16 -80 ) (32 0 -32 ) 
4 8 (464 0 -80 ) (464 0 0 ) (464 -400 0 ) (464 -400 -80 ) 
4 8 (464 -400 0 ) (32 -400 0 ) (32 -400 -80 ) (464 -400 -80 ) 
4 9 (32 -16 -80 ) (32 -96 -80 ) (0 -96 -80 ) (0 -16 -80 ) 
4 9 (32 -400 0 ) (0 -400 0 ) (0 -400 -80 ) (32 -400 -80 ) 
4 9 (32 0 -32.001236 ) (32 -15.998066 -80 ) (0 -15.998066 -80 ) (0 0 -32.001236 ) 
4 10 (112 -96 -80 ) (112 0 -80 ) (112 0 -96 ) (112 -96 -96 ) 
4 10 (464 0 -128 ) (464 0 -80 ) (464 -400 -80 ) (464 -400 -128 ) 
4 10 (112 -400 -128 ) (464 -400 -128 ) (464 -400 -80 ) (112 -400 -80 ) 
4 10 (112 0 -128 ) (464 0 -128 ) (464 -400 -128 ) (112 -400 -128 ) 
4 11 (0 -400 -80 ) (0 -400 -96 ) (112 -400 -96 ) (112 -400 -80 ) 
4 11 (0 -96 -80 ) (112 -96 -80 ) (112 -96 -96 ) (0 -96 -96 ) 
4 12 (0 -96 -96 ) (112 -96 -96 ) (112 0 -96 ) (0 0 -96 ) 
4 12 (0 0 -128 ) (112 0 -128 ) (112 -400 -128 ) (0 -400 -128 ) 
4 12 (0 -400 -96 ) (0 -400 -128 ) (112 -400 -128 ) (112 -400 -96 ) 
4 13 (-432 400 256 ) (0 400 256 ) (0 400 0 ) (-432 400 0 ) 
4 13 (0 400 256 ) (-432 400 256 ) (-432 0 256 ) (0 0 256 ) 
4 13 (-432 400 256 ) (-432 400 0 ) (-432 0 0 ) (-432 0 256 ) 
4 14 (-16 32 -80 ) (-16 96 -80 ) (0 96 -80 ) (0 32 -80 ) 
4 14 (-16 32 -64 ) (-16 32 -80 ) (0 32 -80 ) (0 32 -64 ) 
4 14 (-16 400 0 ) (0 400 0 ) (0 400 -80 ) (-16 400 -80 ) 
4 15 (-16 0 -31.998152 ) (-16 32 -63.997635 ) (0 32 -63.997635 ) (0 0 -31.998152 ) 
4 16 (-16 0 -80 ) (-96 0 -80 ) (-96 96 -80 ) (-16 96 -80 ) 
4 16 (-16 32 -64 ) (-16 0 -32 ) (-16 0 -80 ) (-16 32 -80 ) 
4 16 (-16 400 0 ) (-16 400 -80 ) (-432 400 -80 ) (-432 400 0 ) 
4 16 (-432 0 -80 ) (-432 0 0 ) (-432 400 0 ) (-432 400 -80 ) 
4 17 (-96 400 -96 ) (-96 400 -80 ) (0 400 -80 ) (0 400 -96 ) 
4 17 (-96 96 -80 ) (-96 96 -96 ) (0 96 -96 ) (0 96 -80 ) 
4 18 (0 96 -96 ) (-96 96 -96 ) (-96 0 -96 ) (0 0 -96 ) 
4 18 (0 0 -128 ) (-96 0 -128 ) (-96 400 -128 ) (0 400 -128 ) 
4 18 (-96 400 -96 ) (0 400 -96 ) (0 400 -128 ) (-96 400 -128 ) 
4 19 (-96 96 -96 ) (-96 96 -80 ) (-96 0 -80 ) (-96 0 -96 ) 
4 19 (-96 400 -80 ) (-96 400 -128 ) (-432 400 -128 ) (-432 400 -80 ) 
4 19 (-432 0 -128 ) (-432 0 -80 ) (-432 400 -80 ) (-432 400 -128 ) 
4 19 (-96 0 -128 ) (-432 0 -128 ) (-432 400 -128 ) (-96 400 -128 ) 
4 20 (-432 -400 0 ) (0 -400 0 ) (0 -400 256 ) (-432 -400 256 ) 
4 20 (-432 -400 256 ) (0 -400 256 ) (0 0 256 ) (-432 0 256 ) 
4 20 (-432 0 0 ) (-432 -400 0 ) (-432 -400 256 ) (-432 0 256 ) 
4 21 (-16 -96 -80 ) (-16 -16 -80 ) (0 -16 -80 ) (0 -96 -80 ) 
4 21 (-16 -400 -80 ) (0 -400 -80 ) (0 -400 0 ) (-16 -400 0 ) 
4 21 (0 -15.998066 -80 ) (-16 -15.998066 -80 ) (-16 0 -32.005806 ) (0 0 -32.005806 ) 
4 22 (-96 -96 -80 ) (-96 0 -80 ) (-16 0 -80 ) (-16 -96 -80 ) 
3 22 (-16 0 -32 ) (-16 -16 -80 ) (-16 0 -80 ) 
4 22 (-432 -400 0 ) (-432 0 0 ) (-432 0 -80 ) (-432 -400 -80 ) 
4 22 (-432 -400 0 ) (-432 -400 -80 ) (-16 -400 -80 ) (-16 -400 0 ) 
4 23 (0 -400 -96 ) (0 -400 -80 ) (-96 -400 -80 ) (-96 -400 -96 ) 
4 23 (0 -96 -80 ) (0 -96 -96 ) (-96 -96 -96 ) (-96 -96 -80 ) 
4 24 (0 -96 -96 ) (0 0 -96 ) (-96 0 -96 ) (-96 -96 -96 ) 
4 24 (-96 -400 -128 ) (0 -400 -128 ) (0 -400 -96 ) (-96 -400 -96 ) 
4 24 (-96 0 -128 ) (0 0 -128 ) (0 -400 -128 ) (-96 -400 -128 ) 
4 25 (-96 -96 -96 ) (-96 0 -96 ) (-96 0 -80 ) (-96 -96 -80 ) 
4 25 (-432 -400 -128 ) (-432 0 -128 ) (-96 0 -128 ) (-96 -400 -128 ) 
4 25 (-432 0 -80 ) (-432 0 -128 ) (-432 -400 -128 ) (-432 -400 -80 ) 
4 25 (-432 -400 -80 ) (-432 -400 -128 ) (-96 -400 -128 ) (-96 -400 -80 ) 
