PRT1
4
4
16
4 0 2 0 (0 0 160 ) (0 0 464 ) (0 784 464 ) (0 784 160 ) 
4 0 1 0 (0 0 464 ) (0 0 160 ) (992 0 160 ) (992 0 464 ) 
4 1 3 0 (0 -320 464 ) (0 0 464 ) (0 0 160 ) (0 -320 160 ) 
4 2 3 0 (-288 0 160 ) (0 0 160 ) (0 0 464 ) (-288 0 464 ) 
4 0 (992 0 160 ) (0 0 160 ) (0 784 160 ) (992 784 160 ) 
4 0 (992 784 464 ) (992 784 160 ) (0 784 160 ) (0 784 464 ) 
4 0 (992 784 464 ) (0 784 464 ) (0 0 464 ) (992 0 464 ) 
4 0 (992 784 464 ) (992 0 464 ) (992 0 160 ) (992 784 160 ) 
4 1 (992 0 464 ) (992 -320 464 ) (992 -320 160 ) (992 0 160 ) 
4 1 (0 -320 160 ) (0 0 160 ) (992 0 160 ) (992 -320 160 ) 
4 1 (992 -320 464 ) (992 0 464 ) (0 0 464 ) (0 -320 464 ) 
4 1 (0 -320 160 ) (992 -320 160 ) (992 -320 464 ) (0 -320 464 ) 
4 2 (0 0 160 ) (-288 0 160 ) (-288 784 160 ) (0 784 160 ) 
4 2 (-288 784 160 ) (-288 784 464 ) (0 784 464 ) (0 784 160 ) 
4 2 (0 784 464 ) (-288 784 464 ) (-288 0 464 ) (0 0 464 ) 
4 2 (-288 784 160 ) (-288 0 160 ) (-288 0 464 ) (-288 784 464 ) 
4 3 (-288 0 160 ) (-288 -320 160 ) (-288 -320 464 ) (-288 0 464 ) 
4 3 (-288 0 160 ) (0 0 160 ) (0 -320 160 ) (-288 -320 160 ) 
4 3 (-288 -320 464 ) (0 -320 464 ) (0 0 464 ) (-288 0 464 ) 
4 3 (-288 -320 464 ) (-288 -320 160 ) (0 -320 160 ) (0 -320 464 ) 
